
[2026-08-17T12:40:51.726036+00:00] nextflow run /home/primeline/Data/IRnotator/main.nf -profile docker
[33mNextflow 26.04.6 is available - Please consider updating your version to it(B[m

 N E X T F L O W   ~  version 26.04.4

Launching `/home/primeline/Data/IRnotator/main.nf` [hopeful_kowalevski] revision: 33b585f2a1

Review state: mode=reuse; context=/home/primeline/Data/IRnotator/mulit_GFF_test3/merged_gff/merged.rev0.gff3; next=null
[-        ] process > NORMALIZE_MULTI_GENOME_GFF   -
[-        ] process > HMMSEARCH_IR                 -
[-        ] process > COLLECT_HMM_HITS             -
[-        ] process > EXTRACT_FASTA_BY_ID          -
[-        ] process > INITIALIZE_DEEPTMHMM_RESULTS -
[-        ] process > DEEPTMHMM_TOPOLOGY           -
[-        ] process > FINALIZE_DEEPTMHMM_RESULTS   -
[-        ] process > COLLECT_DEEPTMHMM_SUMMARY    -
[-        ] process > PARSE_DEEPTMHMM_FEATURES     -
[-        ] process > HARDCODED_CLASSIFIER         -
[-        ] process > SEED_DECISIONS               -
[-        ] process > EXTRACT_PASSED_FASTA         -
[-        ] process > PREPARE_MANUAL_REVIEW        -

executor >  local (1)
[ff/4bbf4a] process > NORMALIZE_MULTI_GENOME_GFF (normalize-multi-genome-gff) [  0%] 0 of 1
[-        ] process > HMMSEARCH_IR                                            -
[-        ] process > COLLECT_HMM_HITS                                        -
[-        ] process > EXTRACT_FASTA_BY_ID                                     -
[-        ] process > INITIALIZE_DEEPTMHMM_RESULTS                            -
[-        ] process > DEEPTMHMM_TOPOLOGY                                      -
[-        ] process > FINALIZE_DEEPTMHMM_RESULTS                              -
[-        ] process > COLLECT_DEEPTMHMM_SUMMARY                               -
[-        ] process > PARSE_DEEPTMHMM_FEATURES                                -
[-        ] process > HARDCODED_CLASSIFIER                                    -
[-        ] process > SEED_DECISIONS                                          -
[-        ] process > EXTRACT_PASSED_FASTA                                    -
[-        ] process > PREPARE_MANUAL_REVIEW                                   -

executor >  local (1)
[ff/4bbf4a] process > NORMALIZE_MULTI_GENOME_GFF (normalize-multi-genome-gff) [  0%] 0 of 1
[-        ] process > HMMSEARCH_IR                                            -
[-        ] process > COLLECT_HMM_HITS                                        -
[-        ] process > EXTRACT_FASTA_BY_ID                                     -
[-        ] process > INITIALIZE_DEEPTMHMM_RESULTS                            -
[-        ] process > DEEPTMHMM_TOPOLOGY                                      -
[-        ] process > FINALIZE_DEEPTMHMM_RESULTS                              -
[-        ] process > COLLECT_DEEPTMHMM_SUMMARY                               -
[-        ] process > PARSE_DEEPTMHMM_FEATURES                                -
[-        ] process > HARDCODED_CLASSIFIER                                    -
[-        ] process > SEED_DECISIONS                                          -
[-        ] process > EXTRACT_PASSED_FASTA                                    -
[-        ] process > PREPARE_MANUAL_REVIEW                                   -

executor >  local (2)
[ff/4bbf4a] process > NORMALIZE_MULTI_GENOME_GFF (normalize-multi-genome-gff) [100%] 1 of 1 ✔
[20/543453] process > HMMSEARCH_IR (PF10613)                                  [  0%] 0 of 2
[-        ] process > COLLECT_HMM_HITS                                        -
[-        ] process > EXTRACT_FASTA_BY_ID                                     -
[-        ] process > INITIALIZE_DEEPTMHMM_RESULTS                            -
[-        ] process > DEEPTMHMM_TOPOLOGY                                      -
[-        ] process > FINALIZE_DEEPTMHMM_RESULTS                              -
[-        ] process > COLLECT_DEEPTMHMM_SUMMARY                               -
[-        ] process > PARSE_DEEPTMHMM_FEATURES                                -
[-        ] process > HARDCODED_CLASSIFIER                                    -
[-        ] process > SEED_DECISIONS                                          -
[-        ] process > EXTRACT_PASSED_FASTA                                    -
[-        ] process > PREPARE_MANUAL_REVIEW                                   -

executor >  local (3)
[ff/4bbf4a] process > NORMALIZE_MULTI_GENOME_GFF (normalize-multi-genome-gff) [100%] 1 of 1 ✔
[1a/d08d20] process > HMMSEARCH_IR (PF00060)                                  [ 50%] 1 of 2
[-        ] process > COLLECT_HMM_HITS                                        -
[-        ] process > EXTRACT_FASTA_BY_ID                                     -
[-        ] process > INITIALIZE_DEEPTMHMM_RESULTS                            -
[-        ] process > DEEPTMHMM_TOPOLOGY                                      -
[-        ] process > FINALIZE_DEEPTMHMM_RESULTS                              -
[-        ] process > COLLECT_DEEPTMHMM_SUMMARY                               -
[-        ] process > PARSE_DEEPTMHMM_FEATURES                                -
[-        ] process > HARDCODED_CLASSIFIER                                    -
[-        ] process > SEED_DECISIONS                                          -
[-        ] process > EXTRACT_PASSED_FASTA                                    -
[-        ] process > PREPARE_MANUAL_REVIEW                                   -

executor >  local (3)
[ff/4bbf4a] process > NORMALIZE_MULTI_GENOME_GFF (normalize-multi-genome-gff) [100%] 1 of 1 ✔
[1a/d08d20] process > HMMSEARCH_IR (PF00060)                                  [ 50%] 1 of 2
[-        ] process > COLLECT_HMM_HITS                                        -
[-        ] process > EXTRACT_FASTA_BY_ID                                     -
[-        ] process > INITIALIZE_DEEPTMHMM_RESULTS                            -
[-        ] process > DEEPTMHMM_TOPOLOGY                                      -
[-        ] process > FINALIZE_DEEPTMHMM_RESULTS                              -
[-        ] process > COLLECT_DEEPTMHMM_SUMMARY                               -
[-        ] process > PARSE_DEEPTMHMM_FEATURES                                -
[-        ] process > HARDCODED_CLASSIFIER                                    -
[-        ] process > SEED_DECISIONS                                          -
[-        ] process > EXTRACT_PASSED_FASTA                                    -
[-        ] process > PREPARE_MANUAL_REVIEW                                   -

executor >  local (5)
[ff/4bbf4a] process > NORMALIZE_MULTI_GENOME_GFF (normalize-multi-genome-gff) [100%] 1 of 1 ✔
[1a/d08d20] process > HMMSEARCH_IR (PF00060)                                  [100%] 2 of 2 ✔
[3d/df3801] process > COLLECT_HMM_HITS (collect_hmm_hits)                     [100%] 1 of 1 ✔
[37/eb8596] process > EXTRACT_FASTA_BY_ID (normalized_proteins)               [  0%] 0 of 1
[-        ] process > INITIALIZE_DEEPTMHMM_RESULTS                            -
[-        ] process > DEEPTMHMM_TOPOLOGY                                      -
[-        ] process > FINALIZE_DEEPTMHMM_RESULTS                              -
[-        ] process > COLLECT_DEEPTMHMM_SUMMARY                               -
[-        ] process > PARSE_DEEPTMHMM_FEATURES                                -
[-        ] process > HARDCODED_CLASSIFIER                                    -
[-        ] process > SEED_DECISIONS                                          -
[-        ] process > EXTRACT_PASSED_FASTA                                    -
[-        ] process > PREPARE_MANUAL_REVIEW                                   -

executor >  local (6)
[ff/4bbf4a] process > NORMALIZE_MULTI_GENOME_GFF (normalize-multi-genome-gff)     [100%] 1 of 1 ✔
[1a/d08d20] process > HMMSEARCH_IR (PF00060)                                      [100%] 2 of 2 ✔
[3d/df3801] process > COLLECT_HMM_HITS (collect_hmm_hits)                         [100%] 1 of 1 ✔
[37/eb8596] process > EXTRACT_FASTA_BY_ID (normalized_proteins)                   [100%] 1 of 1 ✔
[8f/1b9705] process > INITIALIZE_DEEPTMHMM_RESULTS (initialize_deeptmhmm_results) [  0%] 0 of 1
[-        ] process > DEEPTMHMM_TOPOLOGY                                          -
[-        ] process > FINALIZE_DEEPTMHMM_RESULTS                                  -
[-        ] process > COLLECT_DEEPTMHMM_SUMMARY                                   -
[-        ] process > PARSE_DEEPTMHMM_FEATURES                                    -
[-        ] process > HARDCODED_CLASSIFIER                                        -
[-        ] process > SEED_DECISIONS                                              -
[-        ] process > EXTRACT_PASSED_FASTA                                        -
[-        ] process > PREPARE_MANUAL_REVIEW                                       -

executor >  local (7)
[ff/4bbf4a] process > NORMALIZE_MULTI_GENOME_GFF (normalize-multi-genome-gff)     [100%] 1 of 1 ✔
[1a/d08d20] process > HMMSEARCH_IR (PF00060)                                      [100%] 2 of 2 ✔
[3d/df3801] process > COLLECT_HMM_HITS (collect_hmm_hits)                         [100%] 1 of 1 ✔
[37/eb8596] process > EXTRACT_FASTA_BY_ID (normalized_proteins)                   [100%] 1 of 1 ✔
[8f/1b9705] process > INITIALIZE_DEEPTMHMM_RESULTS (initialize_deeptmhmm_results) [100%] 1 of 1 ✔
[-        ] process > DEEPTMHMM_TOPOLOGY                                          -
[13/6f2ad9] process > FINALIZE_DEEPTMHMM_RESULTS (finalize_deeptmhmm_results)     [  0%] 0 of 1
[-        ] process > COLLECT_DEEPTMHMM_SUMMARY                                   -
[-        ] process > PARSE_DEEPTMHMM_FEATURES                                    -
[-        ] process > HARDCODED_CLASSIFIER                                        -
[-        ] process > SEED_DECISIONS                                              -
[-        ] process > EXTRACT_PASSED_FASTA                                        -
[-        ] process > PREPARE_MANUAL_REVIEW                                       -

executor >  local (10)
[ff/4bbf4a] process > NORMALIZE_MULTI_GENOME_GFF (normalize-multi-genome-gff)     [100%] 1 of 1 ✔
[1a/d08d20] process > HMMSEARCH_IR (PF00060)                                      [100%] 2 of 2 ✔
[3d/df3801] process > COLLECT_HMM_HITS (collect_hmm_hits)                         [100%] 1 of 1 ✔
[37/eb8596] process > EXTRACT_FASTA_BY_ID (normalized_proteins)                   [100%] 1 of 1 ✔
[8f/1b9705] process > INITIALIZE_DEEPTMHMM_RESULTS (initialize_deeptmhmm_results) [100%] 1 of 1 ✔
[-        ] process > DEEPTMHMM_TOPOLOGY                                          -
[13/6f2ad9] process > FINALIZE_DEEPTMHMM_RESULTS (finalize_deeptmhmm_results)     [100%] 1 of 1 ✔
[f8/c62ddc] process > COLLECT_DEEPTMHMM_SUMMARY (deeptmhmm_summary)               [100%] 1 of 1 ✔
[99/9ee396] process > PARSE_DEEPTMHMM_FEATURES (parse_deeptmhmm)                  [100%] 1 of 1 ✔
[3d/95fc43] process > HARDCODED_CLASSIFIER (hardcoded_classifier)                 [  0%] 0 of 1
[-        ] process > SEED_DECISIONS                                              -
[-        ] process > EXTRACT_PASSED_FASTA                                        -
[-        ] process > PREPARE_MANUAL_REVIEW                                       -

executor >  local (13)
[ff/4bbf4a] process > NORMALIZE_MULTI_GENOME_GFF (normalize-multi-genome-gff)     [100%] 1 of 1 ✔
[1a/d08d20] process > HMMSEARCH_IR (PF00060)                                      [100%] 2 of 2 ✔
[3d/df3801] process > COLLECT_HMM_HITS (collect_hmm_hits)                         [100%] 1 of 1 ✔
[37/eb8596] process > EXTRACT_FASTA_BY_ID (normalized_proteins)                   [100%] 1 of 1 ✔
[8f/1b9705] process > INITIALIZE_DEEPTMHMM_RESULTS (initialize_deeptmhmm_results) [100%] 1 of 1 ✔
[-        ] process > DEEPTMHMM_TOPOLOGY                                          -
[13/6f2ad9] process > FINALIZE_DEEPTMHMM_RESULTS (finalize_deeptmhmm_results)     [100%] 1 of 1 ✔
[f8/c62ddc] process > COLLECT_DEEPTMHMM_SUMMARY (deeptmhmm_summary)               [100%] 1 of 1 ✔
[99/9ee396] process > PARSE_DEEPTMHMM_FEATURES (parse_deeptmhmm)                  [100%] 1 of 1 ✔
[3d/95fc43] process > HARDCODED_CLASSIFIER (hardcoded_classifier)                 [100%] 1 of 1 ✔
[0f/99adba] process > SEED_DECISIONS (seed_decisions)                             [100%] 1 of 1 ✔
[09/d8517c] process > EXTRACT_PASSED_FASTA (extract_passed_fasta)                 [100%] 1 of 1 ✔
[8b/523b98] process > PREPARE_MANUAL_REVIEW (prepare_manual_review:0:-1)          [  0%] 0 of 1

executor >  local (13)
[ff/4bbf4a] process > NORMALIZE_MULTI_GENOME_GFF (normalize-multi-genome-gff)     [100%] 1 of 1 ✔
[1a/d08d20] process > HMMSEARCH_IR (PF00060)                                      [100%] 2 of 2 ✔
[3d/df3801] process > COLLECT_HMM_HITS (collect_hmm_hits)                         [100%] 1 of 1 ✔
[37/eb8596] process > EXTRACT_FASTA_BY_ID (normalized_proteins)                   [100%] 1 of 1 ✔
[8f/1b9705] process > INITIALIZE_DEEPTMHMM_RESULTS (initialize_deeptmhmm_results) [100%] 1 of 1 ✔
[-        ] process > DEEPTMHMM_TOPOLOGY                                          -
[13/6f2ad9] process > FINALIZE_DEEPTMHMM_RESULTS (finalize_deeptmhmm_results)     [100%] 1 of 1 ✔
[f8/c62ddc] process > COLLECT_DEEPTMHMM_SUMMARY (deeptmhmm_summary)               [100%] 1 of 1 ✔
[99/9ee396] process > PARSE_DEEPTMHMM_FEATURES (parse_deeptmhmm)                  [100%] 1 of 1 ✔
[3d/95fc43] process > HARDCODED_CLASSIFIER (hardcoded_classifier)                 [100%] 1 of 1 ✔
[0f/99adba] process > SEED_DECISIONS (seed_decisions)                             [100%] 1 of 1 ✔
[09/d8517c] process > EXTRACT_PASSED_FASTA (extract_passed_fasta)                 [100%] 1 of 1 ✔
[8b/523b98] process > PREPARE_MANUAL_REVIEW (prepare_manual_review:0:-1)          [  0%] 0 of 1

executor >  local (13)
[ff/4bbf4a] process > NORMALIZE_MULTI_GENOME_GFF (normalize-multi-genome-gff)     [100%] 1 of 1 ✔
[1a/d08d20] process > HMMSEARCH_IR (PF00060)                                      [100%] 2 of 2 ✔
[3d/df3801] process > COLLECT_HMM_HITS (collect_hmm_hits)                         [100%] 1 of 1 ✔
[37/eb8596] process > EXTRACT_FASTA_BY_ID (normalized_proteins)                   [100%] 1 of 1 ✔
[8f/1b9705] process > INITIALIZE_DEEPTMHMM_RESULTS (initialize_deeptmhmm_results) [100%] 1 of 1 ✔
[-        ] process > DEEPTMHMM_TOPOLOGY                                          -
[13/6f2ad9] process > FINALIZE_DEEPTMHMM_RESULTS (finalize_deeptmhmm_results)     [100%] 1 of 1 ✔
[f8/c62ddc] process > COLLECT_DEEPTMHMM_SUMMARY (deeptmhmm_summary)               [100%] 1 of 1 ✔
[99/9ee396] process > PARSE_DEEPTMHMM_FEATURES (parse_deeptmhmm)                  [100%] 1 of 1 ✔
[3d/95fc43] process > HARDCODED_CLASSIFIER (hardcoded_classifier)                 [100%] 1 of 1 ✔
[0f/99adba] process > SEED_DECISIONS (seed_decisions)                             [100%] 1 of 1 ✔
[09/d8517c] process > EXTRACT_PASSED_FASTA (extract_passed_fasta)                 [100%] 1 of 1 ✔
[8b/523b98] process > PREPARE_MANUAL_REVIEW (prepare_manual_review:0:-1)          [100%] 1 of 1 ✔

